// Jest Snapshot v1, https://goo.gl/fbAQLP

exports[`Button should render component 1`] = `
.c2 {
  vertical-align: top;
  display: inline-flex;
  gap: 8px;
  flex-direction: row;
  flex-wrap: nowrap;
  justify-content: flex-start;
  align-items: center;
  max-width: calc(100% - 4px);
  height: 24px;
}

.c2 >* {
  display: inline-block;
  flex: 0 1 auto;
  white-space: nowrap;
}

.c2 >.sc-hKDTPf {
  flex: 0 0 auto;
}

.c2>svg {
  width: 24px;
  height: 24px;
}

.button-group[data-dimension='m'] .c2.c2,
.button-group[data-dimension='l'] .c2.c2,
.button-group[data-dimension='xl'] .c2.c2 {
  height: 24px;
}

.button-group[data-dimension='m'] .c2.c2>svg,
.button-group[data-dimension='l'] .c2.c2>svg,
.button-group[data-dimension='xl'] .c2.c2>svg {
  width: 24px;
  height: 24px;
}

.button-group[data-dimension='s'] .c2.c2,
[data-dimension='s'] .c2 {
  height: 20px;
}

.button-group[data-dimension='s'] .c2.c2>svg,
[data-dimension='s'] .c2>svg {
  width: 20px;
  height: 20px;
}

.c1 {
  display: inline-block;
  width: 2px;
}

.c0 {
  position: relative;
  box-sizing: border-box;
  display: inline-block;
  white-space: nowrap;
  border: none;
  border-radius: var(--admiral-border-radius-Medium, 4px);
  appearance: none;
  vertical-align: middle;
  cursor: pointer;
  padding: 0;
  height: 56px;
  padding: 0 29px;
  font-family: var(--admiral-font-family, 'VTB Group UI', sans-serif);
  font-style: normal;
  font-weight: var(--admiral-font-weight-Button_Button1, 500);
  font-size: var(--admiral-font-size-Button_Button1, 16px);
  line-height: var(--admiral-line-height-Button_Button1, 24px);
  font-feature-settings: 'tnum' on,'lnum' on;
  text-rendering: geometricPrecision;
}

.c0[data-appearance~='primary']:not(.button-group > button) {
  background-color: var(--admiral-color-Primary_Primary60Main, #0062FF);
  color: var(--admiral-color-Special_StaticWhite, #FFFFFF);
  border: 1px solid var(--admiral-color-Primary_Primary60Main, #0062FF);
}

.c0[data-appearance~='primary']:not(.button-group > button).c0[data-appearance~='primary']:not(.button-group > button).c0[data-appearance~='primary']:not(.button-group > button) *[fill^='#'] {
  fill: var(--admiral-color-Special_StaticWhite, #FFFFFF);
}

.c0[data-appearance~='primary']:not(.button-group > button).c0[data-appearance~='primary']:not(.button-group > button).c0[data-appearance~='primary']:not(.button-group > button):hover {
  background-color: var(--admiral-color-Primary_Primary70, #0046E2);
  border-color: var(--admiral-color-Primary_Primary70, #0046E2);
}

.c0[data-appearance~='primary']:not(.button-group > button).c0[data-appearance~='primary']:not(.button-group > button).c0[data-appearance~='primary']:not(.button-group > button):active {
  background-color: var(--admiral-color-Primary_Primary80, #0132B0);
  border-color: var(--admiral-color-Primary_Primary80, #0132B0);
}

.c0[data-appearance~='primary']:not(.button-group > button).c0[data-appearance~='primary']:not(.button-group > button).c0[data-appearance~='primary']:not(.button-group > button).c0[data-appearance~='primary']:not(.button-group > button)[data-appearance~='disabled'],
.c0[data-appearance~='primary']:not(.button-group > button).c0[data-appearance~='primary']:not(.button-group > button).c0[data-appearance~='primary']:not(.button-group > button):disabled {
  background-color: var(--admiral-color-Neutral_Neutral10, #EAEBEC);
  color: var(--admiral-color-Neutral_Neutral30, #B2B5B8);
  border-color: var(--admiral-color-Neutral_Neutral10, #EAEBEC);
}

.c0[data-appearance~='primary']:not(.button-group > button).c0[data-appearance~='primary']:not(.button-group > button).c0[data-appearance~='primary']:not(.button-group > button).c0[data-appearance~='primary']:not(.button-group > button)[data-appearance~='disabled'].c0[data-appearance~='primary']:not(.button-group > button).c0[data-appearance~='primary']:not(.button-group > button).c0[data-appearance~='primary']:not(.button-group > button).c0[data-appearance~='primary']:not(.button-group > button)[data-appearance~='disabled'].c0[data-appearance~='primary']:not(.button-group > button).c0[data-appearance~='primary']:not(.button-group > button).c0[data-appearance~='primary']:not(.button-group > button).c0[data-appearance~='primary']:not(.button-group > button)[data-appearance~='disabled'] *[fill^='#'],
.c0[data-appearance~='primary']:not(.button-group > button).c0[data-appearance~='primary']:not(.button-group > button).c0[data-appearance~='primary']:not(.button-group > button):disabled.c0[data-appearance~='primary']:not(.button-group > button).c0[data-appearance~='primary']:not(.button-group > button).c0[data-appearance~='primary']:not(.button-group > button):disabled.c0[data-appearance~='primary']:not(.button-group > button).c0[data-appearance~='primary']:not(.button-group > button).c0[data-appearance~='primary']:not(.button-group > button):disabled *[fill^='#'] {
  fill: var(--admiral-color-Neutral_Neutral30, #B2B5B8);
}

.c0[data-appearance~='secondary']:not(.button-group > button) {
  background-color: transparent;
  color: var(--admiral-color-Primary_Primary60Main, #0062FF);
  border: 1px solid var(--admiral-color-Primary_Primary60Main, #0062FF);
}

.c0[data-appearance~='secondary']:not(.button-group > button).c0[data-appearance~='secondary']:not(.button-group > button).c0[data-appearance~='secondary']:not(.button-group > button) *[fill^='#'] {
  fill: var(--admiral-color-Primary_Primary60Main, #0062FF);
}

.c0[data-appearance~='secondary']:not(.button-group > button).c0[data-appearance~='secondary']:not(.button-group > button).c0[data-appearance~='secondary']:not(.button-group > button):hover {
  background-color: var(--admiral-color-Opacity_Hover, #0000000D);
  color: var(--admiral-color-Primary_Primary60Main, #0062FF);
  border-color: var(--admiral-color-Primary_Primary60Main, #0062FF);
}

.c0[data-appearance~='secondary']:not(.button-group > button).c0[data-appearance~='secondary']:not(.button-group > button).c0[data-appearance~='secondary']:not(.button-group > button):hover.c0[data-appearance~='secondary']:not(.button-group > button).c0[data-appearance~='secondary']:not(.button-group > button).c0[data-appearance~='secondary']:not(.button-group > button):hover.c0[data-appearance~='secondary']:not(.button-group > button).c0[data-appearance~='secondary']:not(.button-group > button).c0[data-appearance~='secondary']:not(.button-group > button):hover *[fill^='#'] {
  fill: var(--admiral-color-Primary_Primary60Main, #0062FF);
}

.c0[data-appearance~='secondary']:not(.button-group > button).c0[data-appearance~='secondary']:not(.button-group > button).c0[data-appearance~='secondary']:not(.button-group > button):active {
  background-color: var(--admiral-color-Opacity_Press, #0000001F);
  color: var(--admiral-color-Primary_Primary60Main, #0062FF);
  border-color: var(--admiral-color-Primary_Primary60Main, #0062FF);
}

.c0[data-appearance~='secondary']:not(.button-group > button).c0[data-appearance~='secondary']:not(.button-group > button).c0[data-appearance~='secondary']:not(.button-group > button):active *[fill^='#'] {
  fill: var(--admiral-color-Primary_Primary60Main, #0062FF);
}

.c0[data-appearance~='secondary']:not(.button-group > button).c0[data-appearance~='secondary']:not(.button-group > button).c0[data-appearance~='secondary']:not(.button-group > button)[data-appearance~='disabled'],
.c0[data-appearance~='secondary']:not(.button-group > button).c0[data-appearance~='secondary']:not(.button-group > button).c0[data-appearance~='secondary']:not(.button-group > button):disabled {
  background-color: transparent;
  color: var(--admiral-color-Neutral_Neutral30, #B2B5B8);
}

.c0[data-appearance~='secondary']:not(.button-group > button).c0[data-appearance~='secondary']:not(.button-group > button).c0[data-appearance~='secondary']:not(.button-group > button)[data-appearance~='disabled']:not(.button-group > button),
.c0[data-appearance~='secondary']:not(.button-group > button).c0[data-appearance~='secondary']:not(.button-group > button).c0[data-appearance~='secondary']:not(.button-group > button):disabled:not(.button-group > button) {
  border-color: var(--admiral-color-Neutral_Neutral30, #B2B5B8);
}

.c0[data-appearance~='secondary']:not(.button-group > button).c0[data-appearance~='secondary']:not(.button-group > button).c0[data-appearance~='secondary']:not(.button-group > button)[data-appearance~='disabled'].c0[data-appearance~='secondary']:not(.button-group > button).c0[data-appearance~='secondary']:not(.button-group > button).c0[data-appearance~='secondary']:not(.button-group > button)[data-appearance~='disabled'].c0[data-appearance~='secondary']:not(.button-group > button).c0[data-appearance~='secondary']:not(.button-group > button).c0[data-appearance~='secondary']:not(.button-group > button)[data-appearance~='disabled'] *[fill^='#'],
.c0[data-appearance~='secondary']:not(.button-group > button).c0[data-appearance~='secondary']:not(.button-group > button).c0[data-appearance~='secondary']:not(.button-group > button):disabled.c0[data-appearance~='secondary']:not(.button-group > button).c0[data-appearance~='secondary']:not(.button-group > button).c0[data-appearance~='secondary']:not(.button-group > button):disabled.c0[data-appearance~='secondary']:not(.button-group > button).c0[data-appearance~='secondary']:not(.button-group > button).c0[data-appearance~='secondary']:not(.button-group > button):disabled *[fill^='#'] {
  fill: var(--admiral-color-Neutral_Neutral30, #B2B5B8);
}

.c0[data-appearance~='tertiary']:not(.button-group > button) {
  background-color: var(--admiral-color-Opacity_Neutral8, #00000014);
  color: var(--admiral-color-Neutral_Neutral90, #252629);
  border: 1px solid transparent;
}

.c0[data-appearance~='tertiary']:not(.button-group > button).c0[data-appearance~='tertiary']:not(.button-group > button).c0[data-appearance~='tertiary']:not(.button-group > button) *[fill^='#'] {
  fill: var(--admiral-color-Neutral_Neutral50, #74767B);
}

.c0[data-appearance~='tertiary']:not(.button-group > button).c0[data-appearance~='tertiary']:not(.button-group > button).c0[data-appearance~='tertiary']:not(.button-group > button):hover {
  background-color: var(--admiral-color-Opacity_Neutral12, #0000001F);
  color: var(--admiral-color-Neutral_Neutral90, #252629);
  border-color: transparent;
}

.c0[data-appearance~='tertiary']:not(.button-group > button).c0[data-appearance~='tertiary']:not(.button-group > button).c0[data-appearance~='tertiary']:not(.button-group > button):hover.c0[data-appearance~='tertiary']:not(.button-group > button).c0[data-appearance~='tertiary']:not(.button-group > button).c0[data-appearance~='tertiary']:not(.button-group > button):hover.c0[data-appearance~='tertiary']:not(.button-group > button).c0[data-appearance~='tertiary']:not(.button-group > button).c0[data-appearance~='tertiary']:not(.button-group > button):hover *[fill^='#'] {
  fill: var(--admiral-color-Neutral_Neutral50, #74767B);
}

.c0[data-appearance~='tertiary']:not(.button-group > button).c0[data-appearance~='tertiary']:not(.button-group > button).c0[data-appearance~='tertiary']:not(.button-group > button):active {
  background-color: var(--admiral-color-Opacity_Neutral16, #00000029);
  color: var(--admiral-color-Neutral_Neutral90, #252629);
  border-color: transparent;
}

.c0[data-appearance~='tertiary']:not(.button-group > button).c0[data-appearance~='tertiary']:not(.button-group > button).c0[data-appearance~='tertiary']:not(.button-group > button):active.c0[data-appearance~='tertiary']:not(.button-group > button).c0[data-appearance~='tertiary']:not(.button-group > button).c0[data-appearance~='tertiary']:not(.button-group > button):active.c0[data-appearance~='tertiary']:not(.button-group > button).c0[data-appearance~='tertiary']:not(.button-group > button).c0[data-appearance~='tertiary']:not(.button-group > button):active *[fill^='#'] {
  fill: var(--admiral-color-Neutral_Neutral50, #74767B);
}

.c0[data-appearance~='tertiary']:not(.button-group > button).c0[data-appearance~='tertiary']:not(.button-group > button).c0[data-appearance~='tertiary']:not(.button-group > button)[data-appearance~='disabled'],
.c0[data-appearance~='tertiary']:not(.button-group > button).c0[data-appearance~='tertiary']:not(.button-group > button).c0[data-appearance~='tertiary']:not(.button-group > button):disabled {
  background-color: var(--admiral-color-Opacity_Neutral8, #00000014);
  color: var(--admiral-color-Neutral_Neutral30, #B2B5B8);
  border-color: transparent;
}

.c0[data-appearance~='tertiary']:not(.button-group > button).c0[data-appearance~='tertiary']:not(.button-group > button).c0[data-appearance~='tertiary']:not(.button-group > button)[data-appearance~='disabled'].c0[data-appearance~='tertiary']:not(.button-group > button).c0[data-appearance~='tertiary']:not(.button-group > button).c0[data-appearance~='tertiary']:not(.button-group > button)[data-appearance~='disabled'].c0[data-appearance~='tertiary']:not(.button-group > button).c0[data-appearance~='tertiary']:not(.button-group > button).c0[data-appearance~='tertiary']:not(.button-group > button)[data-appearance~='disabled'] *[fill^='#'],
.c0[data-appearance~='tertiary']:not(.button-group > button).c0[data-appearance~='tertiary']:not(.button-group > button).c0[data-appearance~='tertiary']:not(.button-group > button):disabled.c0[data-appearance~='tertiary']:not(.button-group > button).c0[data-appearance~='tertiary']:not(.button-group > button).c0[data-appearance~='tertiary']:not(.button-group > button):disabled.c0[data-appearance~='tertiary']:not(.button-group > button).c0[data-appearance~='tertiary']:not(.button-group > button).c0[data-appearance~='tertiary']:not(.button-group > button):disabled *[fill^='#'] {
  fill: var(--admiral-color-Neutral_Neutral30, #B2B5B8);
}

.c0[data-appearance~='ghost']:not(.button-group > button) {
  background-color: transparent;
  color: var(--admiral-color-Primary_Primary60Main, #0062FF);
  border: 1px solid transparent;
}

.c0[data-appearance~='ghost']:not(.button-group > button).c0[data-appearance~='ghost']:not(.button-group > button).c0[data-appearance~='ghost']:not(.button-group > button) *[fill^='#'] {
  fill: var(--admiral-color-Primary_Primary60Main, #0062FF);
}

.c0[data-appearance~='ghost']:not(.button-group > button).c0[data-appearance~='ghost']:not(.button-group > button).c0[data-appearance~='ghost']:not(.button-group > button):hover {
  background-color: var(--admiral-color-Opacity_Hover, #0000000D);
  color: var(--admiral-color-Primary_Primary60Main, #0062FF);
  border-color: transparent;
}

.c0[data-appearance~='ghost']:not(.button-group > button).c0[data-appearance~='ghost']:not(.button-group > button).c0[data-appearance~='ghost']:not(.button-group > button):hover *[fill^='#'] {
  fill: var(--admiral-color-Primary_Primary60Main, #0062FF);
}

.c0[data-appearance~='ghost']:not(.button-group > button).c0[data-appearance~='ghost']:not(.button-group > button).c0[data-appearance~='ghost']:not(.button-group > button):active {
  background-color: var(--admiral-color-Opacity_Press, #0000001F);
  color: var(--admiral-color-Primary_Primary60Main, #0062FF);
  border-color: transparent;
}

.c0[data-appearance~='ghost']:not(.button-group > button).c0[data-appearance~='ghost']:not(.button-group > button).c0[data-appearance~='ghost']:not(.button-group > button):active *[fill^='#'] {
  fill: var(--admiral-color-Primary_Primary60Main, #0062FF);
}

.c0[data-appearance~='ghost']:not(.button-group > button).c0[data-appearance~='ghost']:not(.button-group > button).c0[data-appearance~='ghost']:not(.button-group > button)[data-appearance~='disabled'],
.c0[data-appearance~='ghost']:not(.button-group > button).c0[data-appearance~='ghost']:not(.button-group > button).c0[data-appearance~='ghost']:not(.button-group > button):disabled {
  background-color: transparent;
  color: var(--admiral-color-Neutral_Neutral30, #B2B5B8);
  border-color: transparent;
}

.c0[data-appearance~='ghost']:not(.button-group > button).c0[data-appearance~='ghost']:not(.button-group > button).c0[data-appearance~='ghost']:not(.button-group > button)[data-appearance~='disabled'].c0[data-appearance~='ghost']:not(.button-group > button).c0[data-appearance~='ghost']:not(.button-group > button).c0[data-appearance~='ghost']:not(.button-group > button)[data-appearance~='disabled'].c0[data-appearance~='ghost']:not(.button-group > button).c0[data-appearance~='ghost']:not(.button-group > button).c0[data-appearance~='ghost']:not(.button-group > button)[data-appearance~='disabled'] *[fill^='#'],
.c0[data-appearance~='ghost']:not(.button-group > button).c0[data-appearance~='ghost']:not(.button-group > button).c0[data-appearance~='ghost']:not(.button-group > button):disabled.c0[data-appearance~='ghost']:not(.button-group > button).c0[data-appearance~='ghost']:not(.button-group > button).c0[data-appearance~='ghost']:not(.button-group > button):disabled.c0[data-appearance~='ghost']:not(.button-group > button).c0[data-appearance~='ghost']:not(.button-group > button).c0[data-appearance~='ghost']:not(.button-group > button):disabled *[fill^='#'] {
  fill: var(--admiral-color-Neutral_Neutral30, #B2B5B8);
}

.c0[data-appearance~='white']:not(.button-group > button) {
  background-color: transparent;
  color: var(--admiral-color-Special_StaticWhite, #FFFFFF);
  border: 1px solid var(--admiral-color-Special_StaticWhite, #FFFFFF);
}

.c0[data-appearance~='white']:not(.button-group > button).c0[data-appearance~='white']:not(.button-group > button).c0[data-appearance~='white']:not(.button-group > button) *[fill^='#'] {
  fill: var(--admiral-color-Special_StaticWhite, #FFFFFF);
}

.c0[data-appearance~='white']:not(.button-group > button).c0[data-appearance~='white']:not(.button-group > button).c0[data-appearance~='white']:not(.button-group > button):hover {
  background-color: var(       --admiral-color-Opacity_DarkStaticHover,       #FFFFFF0F     );
  color: var(--admiral-color-Special_StaticWhite, #FFFFFF);
  border-color: var(--admiral-color-Special_StaticWhite, #FFFFFF);
}

.c0[data-appearance~='white']:not(.button-group > button).c0[data-appearance~='white']:not(.button-group > button).c0[data-appearance~='white']:not(.button-group > button):hover.c0[data-appearance~='white']:not(.button-group > button).c0[data-appearance~='white']:not(.button-group > button).c0[data-appearance~='white']:not(.button-group > button):hover.c0[data-appearance~='white']:not(.button-group > button).c0[data-appearance~='white']:not(.button-group > button).c0[data-appearance~='white']:not(.button-group > button):hover *[fill^='#'] {
  fill: var(--admiral-color-Special_StaticWhite, #FFFFFF);
}

.c0[data-appearance~='white']:not(.button-group > button).c0[data-appearance~='white']:not(.button-group > button).c0[data-appearance~='white']:not(.button-group > button):active {
  background-color: var(       --admiral-color-Opacity_DarkStaticPress,       #FFFFFF1F     );
  color: var(--admiral-color-Special_StaticWhite, #FFFFFF);
  border-color: var(--admiral-color-Special_StaticWhite, #FFFFFF);
}

.c0[data-appearance~='white']:not(.button-group > button).c0[data-appearance~='white']:not(.button-group > button).c0[data-appearance~='white']:not(.button-group > button):active.c0[data-appearance~='white']:not(.button-group > button).c0[data-appearance~='white']:not(.button-group > button).c0[data-appearance~='white']:not(.button-group > button):active.c0[data-appearance~='white']:not(.button-group > button).c0[data-appearance~='white']:not(.button-group > button).c0[data-appearance~='white']:not(.button-group > button):active *[fill^='#'] {
  fill: var(--admiral-color-Special_StaticWhite, #FFFFFF);
}

.c0[data-appearance~='white']:not(.button-group > button).c0[data-appearance~='white']:not(.button-group > button).c0[data-appearance~='white']:not(.button-group > button)[data-appearance~='disabled'],
.c0[data-appearance~='white']:not(.button-group > button).c0[data-appearance~='white']:not(.button-group > button).c0[data-appearance~='white']:not(.button-group > button):disabled {
  border-color: var(       --admiral-color-Special_DarkStaticNeutral30,       #515357     );
  color: var(--admiral-color-Special_DarkStaticNeutral30, #515357);
}

.c0[data-appearance~='white']:not(.button-group > button).c0[data-appearance~='white']:not(.button-group > button).c0[data-appearance~='white']:not(.button-group > button)[data-appearance~='disabled'].c0[data-appearance~='white']:not(.button-group > button).c0[data-appearance~='white']:not(.button-group > button).c0[data-appearance~='white']:not(.button-group > button)[data-appearance~='disabled'].c0[data-appearance~='white']:not(.button-group > button).c0[data-appearance~='white']:not(.button-group > button).c0[data-appearance~='white']:not(.button-group > button)[data-appearance~='disabled'] *[fill^='#'],
.c0[data-appearance~='white']:not(.button-group > button).c0[data-appearance~='white']:not(.button-group > button).c0[data-appearance~='white']:not(.button-group > button):disabled.c0[data-appearance~='white']:not(.button-group > button).c0[data-appearance~='white']:not(.button-group > button).c0[data-appearance~='white']:not(.button-group > button):disabled.c0[data-appearance~='white']:not(.button-group > button).c0[data-appearance~='white']:not(.button-group > button).c0[data-appearance~='white']:not(.button-group > button):disabled *[fill^='#'] {
  fill: var(--admiral-color-Special_DarkStaticNeutral30, #515357);
}

.c0[data-appearance~='danger']:not(.button-group > button) {
  background-color: var(--admiral-color-Error_Error60Main, #D92020);
  color: var(--admiral-color-Special_StaticWhite, #FFFFFF);
  border: 1px solid var(--admiral-color-Error_Error60Main, #D92020);
}

.c0[data-appearance~='danger']:not(.button-group > button).c0[data-appearance~='danger']:not(.button-group > button).c0[data-appearance~='danger']:not(.button-group > button) *[fill^='#'] {
  fill: var(--admiral-color-Special_StaticWhite, #FFFFFF);
}

.c0[data-appearance~='danger']:not(.button-group > button).c0[data-appearance~='danger']:not(.button-group > button).c0[data-appearance~='danger']:not(.button-group > button):hover {
  background-color: var(--admiral-color-Error_Error70, #BA1717);
  border-color: var(--admiral-color-Error_Error70, #BA1717);
}

.c0[data-appearance~='danger']:not(.button-group > button).c0[data-appearance~='danger']:not(.button-group > button).c0[data-appearance~='danger']:not(.button-group > button):active {
  background-color: var(--admiral-color-Error_Error80, #981111);
  border-color: var(--admiral-color-Error_Error80, #981111);
}

.c0[data-appearance~='danger']:not(.button-group > button).c0[data-appearance~='danger']:not(.button-group > button).c0[data-appearance~='danger']:not(.button-group > button)[data-appearance~='disabled'],
.c0[data-appearance~='danger']:not(.button-group > button).c0[data-appearance~='danger']:not(.button-group > button).c0[data-appearance~='danger']:not(.button-group > button):disabled {
  background-color: var(--admiral-color-Neutral_Neutral10, #EAEBEC);
  color: var(--admiral-color-Neutral_Neutral30, #B2B5B8);
  border-color: var(--admiral-color-Neutral_Neutral10, #EAEBEC);
}

.c0[data-appearance~='danger']:not(.button-group > button).c0[data-appearance~='danger']:not(.button-group > button).c0[data-appearance~='danger']:not(.button-group > button)[data-appearance~='disabled'].c0[data-appearance~='danger']:not(.button-group > button).c0[data-appearance~='danger']:not(.button-group > button).c0[data-appearance~='danger']:not(.button-group > button)[data-appearance~='disabled'].c0[data-appearance~='danger']:not(.button-group > button).c0[data-appearance~='danger']:not(.button-group > button).c0[data-appearance~='danger']:not(.button-group > button)[data-appearance~='disabled'] *[fill^='#'],
.c0[data-appearance~='danger']:not(.button-group > button).c0[data-appearance~='danger']:not(.button-group > button).c0[data-appearance~='danger']:not(.button-group > button):disabled.c0[data-appearance~='danger']:not(.button-group > button).c0[data-appearance~='danger']:not(.button-group > button).c0[data-appearance~='danger']:not(.button-group > button):disabled.c0[data-appearance~='danger']:not(.button-group > button).c0[data-appearance~='danger']:not(.button-group > button).c0[data-appearance~='danger']:not(.button-group > button):disabled *[fill^='#'] {
  fill: var(--admiral-color-Neutral_Neutral30, #B2B5B8);
}

.c0[data-appearance~='success']:not(.button-group > button) {
  background-color: var(--admiral-color-Success_Success50Main, #1BA049);
  color: var(--admiral-color-Special_StaticWhite, #FFFFFF);
  border: 1px solid var(--admiral-color-Success_Success50Main, #1BA049);
}

.c0[data-appearance~='success']:not(.button-group > button).c0[data-appearance~='success']:not(.button-group > button).c0[data-appearance~='success']:not(.button-group > button) *[fill^='#'] {
  fill: var(--admiral-color-Special_StaticWhite, #FFFFFF);
}

.c0[data-appearance~='success']:not(.button-group > button).c0[data-appearance~='success']:not(.button-group > button).c0[data-appearance~='success']:not(.button-group > button):hover {
  background-color: var(--admiral-color-Success_Success60, #128238);
  border-color: var(--admiral-color-Success_Success60, #128238);
}

.c0[data-appearance~='success']:not(.button-group > button).c0[data-appearance~='success']:not(.button-group > button).c0[data-appearance~='success']:not(.button-group > button):active {
  background-color: var(--admiral-color-Success_Success70, #0B682A);
  border-color: var(--admiral-color-Success_Success70, #0B682A);
}

.c0[data-appearance~='success']:not(.button-group > button).c0[data-appearance~='success']:not(.button-group > button).c0[data-appearance~='success']:not(.button-group > button)[data-appearance~='disabled'],
.c0[data-appearance~='success']:not(.button-group > button).c0[data-appearance~='success']:not(.button-group > button).c0[data-appearance~='success']:not(.button-group > button):disabled {
  background-color: var(--admiral-color-Neutral_Neutral10, #EAEBEC);
  color: var(--admiral-color-Neutral_Neutral30, #B2B5B8);
  border-color: var(--admiral-color-Neutral_Neutral10, #EAEBEC);
}

.c0[data-appearance~='success']:not(.button-group > button).c0[data-appearance~='success']:not(.button-group > button).c0[data-appearance~='success']:not(.button-group > button)[data-appearance~='disabled'].c0[data-appearance~='success']:not(.button-group > button).c0[data-appearance~='success']:not(.button-group > button).c0[data-appearance~='success']:not(.button-group > button)[data-appearance~='disabled'].c0[data-appearance~='success']:not(.button-group > button).c0[data-appearance~='success']:not(.button-group > button).c0[data-appearance~='success']:not(.button-group > button)[data-appearance~='disabled'] *[fill^='#'],
.c0[data-appearance~='success']:not(.button-group > button).c0[data-appearance~='success']:not(.button-group > button).c0[data-appearance~='success']:not(.button-group > button):disabled.c0[data-appearance~='success']:not(.button-group > button).c0[data-appearance~='success']:not(.button-group > button).c0[data-appearance~='success']:not(.button-group > button):disabled.c0[data-appearance~='success']:not(.button-group > button).c0[data-appearance~='success']:not(.button-group > button).c0[data-appearance~='success']:not(.button-group > button):disabled *[fill^='#'] {
  fill: var(--admiral-color-Neutral_Neutral30, #B2B5B8);
}

.c0:is(.button-group[data-appearance='primary'] > button) {
  background-color: var(--admiral-color-Primary_Primary60Main, #0062FF);
  color: var(--admiral-color-Special_StaticWhite, #FFFFFF);
  border: 1px solid var(--admiral-color-Primary_Primary60Main, #0062FF);
}

.c0:is(.button-group[data-appearance='primary'] > button).c0:is(.button-group[data-appearance='primary'] > button).c0:is(.button-group[data-appearance='primary'] > button) *[fill^='#'] {
  fill: var(--admiral-color-Special_StaticWhite, #FFFFFF);
}

.c0:is(.button-group[data-appearance='primary'] > button).c0:is(.button-group[data-appearance='primary'] > button).c0:is(.button-group[data-appearance='primary'] > button):hover {
  background-color: var(--admiral-color-Primary_Primary70, #0046E2);
  border-color: var(--admiral-color-Primary_Primary70, #0046E2);
}

.c0:is(.button-group[data-appearance='primary'] > button).c0:is(.button-group[data-appearance='primary'] > button).c0:is(.button-group[data-appearance='primary'] > button):active {
  background-color: var(--admiral-color-Primary_Primary80, #0132B0);
  border-color: var(--admiral-color-Primary_Primary80, #0132B0);
}

.c0:is(.button-group[data-appearance='primary'] > button).c0:is(.button-group[data-appearance='primary'] > button).c0:is(.button-group[data-appearance='primary'] > button).c0:is(.button-group[data-appearance='primary'] > button)[data-appearance~='disabled'],
.c0:is(.button-group[data-appearance='primary'] > button).c0:is(.button-group[data-appearance='primary'] > button).c0:is(.button-group[data-appearance='primary'] > button):disabled {
  background-color: var(--admiral-color-Neutral_Neutral10, #EAEBEC);
  color: var(--admiral-color-Neutral_Neutral30, #B2B5B8);
  border-color: var(--admiral-color-Neutral_Neutral10, #EAEBEC);
}

.c0:is(.button-group[data-appearance='primary'] > button).c0:is(.button-group[data-appearance='primary'] > button).c0:is(.button-group[data-appearance='primary'] > button).c0:is(.button-group[data-appearance='primary'] > button)[data-appearance~='disabled'].c0:is(.button-group[data-appearance='primary'] > button).c0:is(.button-group[data-appearance='primary'] > button).c0:is(.button-group[data-appearance='primary'] > button).c0:is(.button-group[data-appearance='primary'] > button)[data-appearance~='disabled'].c0:is(.button-group[data-appearance='primary'] > button).c0:is(.button-group[data-appearance='primary'] > button).c0:is(.button-group[data-appearance='primary'] > button).c0:is(.button-group[data-appearance='primary'] > button)[data-appearance~='disabled'] *[fill^='#'],
.c0:is(.button-group[data-appearance='primary'] > button).c0:is(.button-group[data-appearance='primary'] > button).c0:is(.button-group[data-appearance='primary'] > button):disabled.c0:is(.button-group[data-appearance='primary'] > button).c0:is(.button-group[data-appearance='primary'] > button).c0:is(.button-group[data-appearance='primary'] > button):disabled.c0:is(.button-group[data-appearance='primary'] > button).c0:is(.button-group[data-appearance='primary'] > button).c0:is(.button-group[data-appearance='primary'] > button):disabled *[fill^='#'] {
  fill: var(--admiral-color-Neutral_Neutral30, #B2B5B8);
}

.c0:is(.button-group[data-appearance='secondary'] > button) {
  background-color: transparent;
  color: var(--admiral-color-Primary_Primary60Main, #0062FF);
  border: 1px solid var(--admiral-color-Primary_Primary60Main, #0062FF);
}

.c0:is(.button-group[data-appearance='secondary'] > button).c0:is(.button-group[data-appearance='secondary'] > button).c0:is(.button-group[data-appearance='secondary'] > button) *[fill^='#'] {
  fill: var(--admiral-color-Primary_Primary60Main, #0062FF);
}

.c0:is(.button-group[data-appearance='secondary'] > button).c0:is(.button-group[data-appearance='secondary'] > button).c0:is(.button-group[data-appearance='secondary'] > button):hover {
  background-color: var(--admiral-color-Opacity_Hover, #0000000D);
  color: var(--admiral-color-Primary_Primary60Main, #0062FF);
  border-color: var(--admiral-color-Primary_Primary60Main, #0062FF);
}

.c0:is(.button-group[data-appearance='secondary'] > button).c0:is(.button-group[data-appearance='secondary'] > button).c0:is(.button-group[data-appearance='secondary'] > button):hover.c0:is(.button-group[data-appearance='secondary'] > button).c0:is(.button-group[data-appearance='secondary'] > button).c0:is(.button-group[data-appearance='secondary'] > button):hover.c0:is(.button-group[data-appearance='secondary'] > button).c0:is(.button-group[data-appearance='secondary'] > button).c0:is(.button-group[data-appearance='secondary'] > button):hover *[fill^='#'] {
  fill: var(--admiral-color-Primary_Primary60Main, #0062FF);
}

.c0:is(.button-group[data-appearance='secondary'] > button).c0:is(.button-group[data-appearance='secondary'] > button).c0:is(.button-group[data-appearance='secondary'] > button):active {
  background-color: var(--admiral-color-Opacity_Press, #0000001F);
  color: var(--admiral-color-Primary_Primary60Main, #0062FF);
  border-color: var(--admiral-color-Primary_Primary60Main, #0062FF);
}

.c0:is(.button-group[data-appearance='secondary'] > button).c0:is(.button-group[data-appearance='secondary'] > button).c0:is(.button-group[data-appearance='secondary'] > button):active *[fill^='#'] {
  fill: var(--admiral-color-Primary_Primary60Main, #0062FF);
}

.c0:is(.button-group[data-appearance='secondary'] > button).c0:is(.button-group[data-appearance='secondary'] > button).c0:is(.button-group[data-appearance='secondary'] > button)[data-appearance~='disabled'],
.c0:is(.button-group[data-appearance='secondary'] > button).c0:is(.button-group[data-appearance='secondary'] > button).c0:is(.button-group[data-appearance='secondary'] > button):disabled {
  background-color: transparent;
  color: var(--admiral-color-Neutral_Neutral30, #B2B5B8);
}

.c0:is(.button-group[data-appearance='secondary'] > button).c0:is(.button-group[data-appearance='secondary'] > button).c0:is(.button-group[data-appearance='secondary'] > button)[data-appearance~='disabled']:not(.button-group > button),
.c0:is(.button-group[data-appearance='secondary'] > button).c0:is(.button-group[data-appearance='secondary'] > button).c0:is(.button-group[data-appearance='secondary'] > button):disabled:not(.button-group > button) {
  border-color: var(--admiral-color-Neutral_Neutral30, #B2B5B8);
}

.c0:is(.button-group[data-appearance='secondary'] > button).c0:is(.button-group[data-appearance='secondary'] > button).c0:is(.button-group[data-appearance='secondary'] > button)[data-appearance~='disabled'].c0:is(.button-group[data-appearance='secondary'] > button).c0:is(.button-group[data-appearance='secondary'] > button).c0:is(.button-group[data-appearance='secondary'] > button)[data-appearance~='disabled'].c0:is(.button-group[data-appearance='secondary'] > button).c0:is(.button-group[data-appearance='secondary'] > button).c0:is(.button-group[data-appearance='secondary'] > button)[data-appearance~='disabled'] *[fill^='#'],
.c0:is(.button-group[data-appearance='secondary'] > button).c0:is(.button-group[data-appearance='secondary'] > button).c0:is(.button-group[data-appearance='secondary'] > button):disabled.c0:is(.button-group[data-appearance='secondary'] > button).c0:is(.button-group[data-appearance='secondary'] > button).c0:is(.button-group[data-appearance='secondary'] > button):disabled.c0:is(.button-group[data-appearance='secondary'] > button).c0:is(.button-group[data-appearance='secondary'] > button).c0:is(.button-group[data-appearance='secondary'] > button):disabled *[fill^='#'] {
  fill: var(--admiral-color-Neutral_Neutral30, #B2B5B8);
}

.c0:is(.button-group[data-appearance='tertiary'] > button) {
  background-color: var(--admiral-color-Opacity_Neutral8, #00000014);
  color: var(--admiral-color-Neutral_Neutral90, #252629);
  border: 1px solid transparent;
}

.c0:is(.button-group[data-appearance='tertiary'] > button).c0:is(.button-group[data-appearance='tertiary'] > button).c0:is(.button-group[data-appearance='tertiary'] > button) *[fill^='#'] {
  fill: var(--admiral-color-Neutral_Neutral50, #74767B);
}

.c0:is(.button-group[data-appearance='tertiary'] > button).c0:is(.button-group[data-appearance='tertiary'] > button).c0:is(.button-group[data-appearance='tertiary'] > button):hover {
  background-color: var(--admiral-color-Opacity_Neutral12, #0000001F);
  color: var(--admiral-color-Neutral_Neutral90, #252629);
  border-color: transparent;
}

.c0:is(.button-group[data-appearance='tertiary'] > button).c0:is(.button-group[data-appearance='tertiary'] > button).c0:is(.button-group[data-appearance='tertiary'] > button):hover.c0:is(.button-group[data-appearance='tertiary'] > button).c0:is(.button-group[data-appearance='tertiary'] > button).c0:is(.button-group[data-appearance='tertiary'] > button):hover.c0:is(.button-group[data-appearance='tertiary'] > button).c0:is(.button-group[data-appearance='tertiary'] > button).c0:is(.button-group[data-appearance='tertiary'] > button):hover *[fill^='#'] {
  fill: var(--admiral-color-Neutral_Neutral50, #74767B);
}

.c0:is(.button-group[data-appearance='tertiary'] > button).c0:is(.button-group[data-appearance='tertiary'] > button).c0:is(.button-group[data-appearance='tertiary'] > button):active {
  background-color: var(--admiral-color-Opacity_Neutral16, #00000029);
  color: var(--admiral-color-Neutral_Neutral90, #252629);
  border-color: transparent;
}

.c0:is(.button-group[data-appearance='tertiary'] > button).c0:is(.button-group[data-appearance='tertiary'] > button).c0:is(.button-group[data-appearance='tertiary'] > button):active.c0:is(.button-group[data-appearance='tertiary'] > button).c0:is(.button-group[data-appearance='tertiary'] > button).c0:is(.button-group[data-appearance='tertiary'] > button):active.c0:is(.button-group[data-appearance='tertiary'] > button).c0:is(.button-group[data-appearance='tertiary'] > button).c0:is(.button-group[data-appearance='tertiary'] > button):active *[fill^='#'] {
  fill: var(--admiral-color-Neutral_Neutral50, #74767B);
}

.c0:is(.button-group[data-appearance='tertiary'] > button).c0:is(.button-group[data-appearance='tertiary'] > button).c0:is(.button-group[data-appearance='tertiary'] > button)[data-appearance~='disabled'],
.c0:is(.button-group[data-appearance='tertiary'] > button).c0:is(.button-group[data-appearance='tertiary'] > button).c0:is(.button-group[data-appearance='tertiary'] > button):disabled {
  background-color: var(--admiral-color-Opacity_Neutral8, #00000014);
  color: var(--admiral-color-Neutral_Neutral30, #B2B5B8);
  border-color: transparent;
}

.c0:is(.button-group[data-appearance='tertiary'] > button).c0:is(.button-group[data-appearance='tertiary'] > button).c0:is(.button-group[data-appearance='tertiary'] > button)[data-appearance~='disabled'].c0:is(.button-group[data-appearance='tertiary'] > button).c0:is(.button-group[data-appearance='tertiary'] > button).c0:is(.button-group[data-appearance='tertiary'] > button)[data-appearance~='disabled'].c0:is(.button-group[data-appearance='tertiary'] > button).c0:is(.button-group[data-appearance='tertiary'] > button).c0:is(.button-group[data-appearance='tertiary'] > button)[data-appearance~='disabled'] *[fill^='#'],
.c0:is(.button-group[data-appearance='tertiary'] > button).c0:is(.button-group[data-appearance='tertiary'] > button).c0:is(.button-group[data-appearance='tertiary'] > button):disabled.c0:is(.button-group[data-appearance='tertiary'] > button).c0:is(.button-group[data-appearance='tertiary'] > button).c0:is(.button-group[data-appearance='tertiary'] > button):disabled.c0:is(.button-group[data-appearance='tertiary'] > button).c0:is(.button-group[data-appearance='tertiary'] > button).c0:is(.button-group[data-appearance='tertiary'] > button):disabled *[fill^='#'] {
  fill: var(--admiral-color-Neutral_Neutral30, #B2B5B8);
}

.c0:focus-visible {
  outline-offset: 2px;
  outline: var(--admiral-color-Primary_Primary60Main, #0062FF) solid 2px;
}

.button-group[data-dimension='xl'] .c0.c0,
.c0[data-dimension='xl'] {
  padding: 0;
  height: 56px;
  padding: 0 29px;
  font-family: var(--admiral-font-family, 'VTB Group UI', sans-serif);
  font-style: normal;
  font-weight: var(--admiral-font-weight-Button_Button1, 500);
  font-size: var(--admiral-font-size-Button_Button1, 16px);
  line-height: var(--admiral-line-height-Button_Button1, 24px);
  font-feature-settings: 'tnum' on,'lnum' on;
  text-rendering: geometricPrecision;
}

.button-group[data-dimension='l'] .c0.c0,
.c0[data-dimension='l'] {
  height: 48px;
  padding: 0 21px;
}

.button-group[data-dimension='m'] .c0.c0,
.c0[data-dimension='m'] {
  height: 40px;
  padding: 0 17px;
}

.button-group[data-dimension='s'] .c0.c0,
.c0[data-dimension='s'] {
  height: 32px;
  padding: 0 13px;
  font-family: var(--admiral-font-family, 'VTB Group UI', sans-serif);
  font-style: normal;
  font-weight: var(--admiral-font-weight-Button_Button2, 500);
  font-size: var(--admiral-font-size-Button_Button2, 14px);
  line-height: var(--admiral-line-height-Button_Button2, 20px);
  font-feature-settings: 'tnum' on,'lnum' on;
  text-rendering: geometricPrecision;
}

<div>
  <button
    class="c0"
    data-appearance="primary"
    data-dimension="xl"
    type="button"
  >
    <div
      class="c1"
    />
    <div
      class="c2"
    />
    <div
      class="c1"
    />
  </button>
</div>
`;

exports[`Button should render component with text 1`] = `
.c2 {
  vertical-align: top;
  display: inline-flex;
  gap: 8px;
  flex-direction: row;
  flex-wrap: nowrap;
  justify-content: flex-start;
  align-items: center;
  max-width: calc(100% - 4px);
  height: 24px;
}

.c2 >* {
  display: inline-block;
  flex: 0 1 auto;
  white-space: nowrap;
}

.c2 >.sc-hKDTPf {
  flex: 0 0 auto;
}

.c2>svg {
  width: 24px;
  height: 24px;
}

.button-group[data-dimension='m'] .c2.c2,
.button-group[data-dimension='l'] .c2.c2,
.button-group[data-dimension='xl'] .c2.c2 {
  height: 24px;
}

.button-group[data-dimension='m'] .c2.c2>svg,
.button-group[data-dimension='l'] .c2.c2>svg,
.button-group[data-dimension='xl'] .c2.c2>svg {
  width: 24px;
  height: 24px;
}

.button-group[data-dimension='s'] .c2.c2,
[data-dimension='s'] .c2 {
  height: 20px;
}

.button-group[data-dimension='s'] .c2.c2>svg,
[data-dimension='s'] .c2>svg {
  width: 20px;
  height: 20px;
}

.c1 {
  display: inline-block;
  width: 2px;
}

.c0 {
  position: relative;
  box-sizing: border-box;
  display: inline-block;
  white-space: nowrap;
  border: none;
  border-radius: var(--admiral-border-radius-Medium, 4px);
  appearance: none;
  vertical-align: middle;
  cursor: pointer;
  padding: 0;
  height: 56px;
  padding: 0 29px;
  font-family: var(--admiral-font-family, 'VTB Group UI', sans-serif);
  font-style: normal;
  font-weight: var(--admiral-font-weight-Button_Button1, 500);
  font-size: var(--admiral-font-size-Button_Button1, 16px);
  line-height: var(--admiral-line-height-Button_Button1, 24px);
  font-feature-settings: 'tnum' on,'lnum' on;
  text-rendering: geometricPrecision;
}

.c0[data-appearance~='primary']:not(.button-group > button) {
  background-color: var(--admiral-color-Primary_Primary60Main, #0062FF);
  color: var(--admiral-color-Special_StaticWhite, #FFFFFF);
  border: 1px solid var(--admiral-color-Primary_Primary60Main, #0062FF);
}

.c0[data-appearance~='primary']:not(.button-group > button).c0[data-appearance~='primary']:not(.button-group > button).c0[data-appearance~='primary']:not(.button-group > button) *[fill^='#'] {
  fill: var(--admiral-color-Special_StaticWhite, #FFFFFF);
}

.c0[data-appearance~='primary']:not(.button-group > button).c0[data-appearance~='primary']:not(.button-group > button).c0[data-appearance~='primary']:not(.button-group > button):hover {
  background-color: var(--admiral-color-Primary_Primary70, #0046E2);
  border-color: var(--admiral-color-Primary_Primary70, #0046E2);
}

.c0[data-appearance~='primary']:not(.button-group > button).c0[data-appearance~='primary']:not(.button-group > button).c0[data-appearance~='primary']:not(.button-group > button):active {
  background-color: var(--admiral-color-Primary_Primary80, #0132B0);
  border-color: var(--admiral-color-Primary_Primary80, #0132B0);
}

.c0[data-appearance~='primary']:not(.button-group > button).c0[data-appearance~='primary']:not(.button-group > button).c0[data-appearance~='primary']:not(.button-group > button).c0[data-appearance~='primary']:not(.button-group > button)[data-appearance~='disabled'],
.c0[data-appearance~='primary']:not(.button-group > button).c0[data-appearance~='primary']:not(.button-group > button).c0[data-appearance~='primary']:not(.button-group > button):disabled {
  background-color: var(--admiral-color-Neutral_Neutral10, #EAEBEC);
  color: var(--admiral-color-Neutral_Neutral30, #B2B5B8);
  border-color: var(--admiral-color-Neutral_Neutral10, #EAEBEC);
}

.c0[data-appearance~='primary']:not(.button-group > button).c0[data-appearance~='primary']:not(.button-group > button).c0[data-appearance~='primary']:not(.button-group > button).c0[data-appearance~='primary']:not(.button-group > button)[data-appearance~='disabled'].c0[data-appearance~='primary']:not(.button-group > button).c0[data-appearance~='primary']:not(.button-group > button).c0[data-appearance~='primary']:not(.button-group > button).c0[data-appearance~='primary']:not(.button-group > button)[data-appearance~='disabled'].c0[data-appearance~='primary']:not(.button-group > button).c0[data-appearance~='primary']:not(.button-group > button).c0[data-appearance~='primary']:not(.button-group > button).c0[data-appearance~='primary']:not(.button-group > button)[data-appearance~='disabled'] *[fill^='#'],
.c0[data-appearance~='primary']:not(.button-group > button).c0[data-appearance~='primary']:not(.button-group > button).c0[data-appearance~='primary']:not(.button-group > button):disabled.c0[data-appearance~='primary']:not(.button-group > button).c0[data-appearance~='primary']:not(.button-group > button).c0[data-appearance~='primary']:not(.button-group > button):disabled.c0[data-appearance~='primary']:not(.button-group > button).c0[data-appearance~='primary']:not(.button-group > button).c0[data-appearance~='primary']:not(.button-group > button):disabled *[fill^='#'] {
  fill: var(--admiral-color-Neutral_Neutral30, #B2B5B8);
}

.c0[data-appearance~='secondary']:not(.button-group > button) {
  background-color: transparent;
  color: var(--admiral-color-Primary_Primary60Main, #0062FF);
  border: 1px solid var(--admiral-color-Primary_Primary60Main, #0062FF);
}

.c0[data-appearance~='secondary']:not(.button-group > button).c0[data-appearance~='secondary']:not(.button-group > button).c0[data-appearance~='secondary']:not(.button-group > button) *[fill^='#'] {
  fill: var(--admiral-color-Primary_Primary60Main, #0062FF);
}

.c0[data-appearance~='secondary']:not(.button-group > button).c0[data-appearance~='secondary']:not(.button-group > button).c0[data-appearance~='secondary']:not(.button-group > button):hover {
  background-color: var(--admiral-color-Opacity_Hover, #0000000D);
  color: var(--admiral-color-Primary_Primary60Main, #0062FF);
  border-color: var(--admiral-color-Primary_Primary60Main, #0062FF);
}

.c0[data-appearance~='secondary']:not(.button-group > button).c0[data-appearance~='secondary']:not(.button-group > button).c0[data-appearance~='secondary']:not(.button-group > button):hover.c0[data-appearance~='secondary']:not(.button-group > button).c0[data-appearance~='secondary']:not(.button-group > button).c0[data-appearance~='secondary']:not(.button-group > button):hover.c0[data-appearance~='secondary']:not(.button-group > button).c0[data-appearance~='secondary']:not(.button-group > button).c0[data-appearance~='secondary']:not(.button-group > button):hover *[fill^='#'] {
  fill: var(--admiral-color-Primary_Primary60Main, #0062FF);
}

.c0[data-appearance~='secondary']:not(.button-group > button).c0[data-appearance~='secondary']:not(.button-group > button).c0[data-appearance~='secondary']:not(.button-group > button):active {
  background-color: var(--admiral-color-Opacity_Press, #0000001F);
  color: var(--admiral-color-Primary_Primary60Main, #0062FF);
  border-color: var(--admiral-color-Primary_Primary60Main, #0062FF);
}

.c0[data-appearance~='secondary']:not(.button-group > button).c0[data-appearance~='secondary']:not(.button-group > button).c0[data-appearance~='secondary']:not(.button-group > button):active *[fill^='#'] {
  fill: var(--admiral-color-Primary_Primary60Main, #0062FF);
}

.c0[data-appearance~='secondary']:not(.button-group > button).c0[data-appearance~='secondary']:not(.button-group > button).c0[data-appearance~='secondary']:not(.button-group > button)[data-appearance~='disabled'],
.c0[data-appearance~='secondary']:not(.button-group > button).c0[data-appearance~='secondary']:not(.button-group > button).c0[data-appearance~='secondary']:not(.button-group > button):disabled {
  background-color: transparent;
  color: var(--admiral-color-Neutral_Neutral30, #B2B5B8);
}

.c0[data-appearance~='secondary']:not(.button-group > button).c0[data-appearance~='secondary']:not(.button-group > button).c0[data-appearance~='secondary']:not(.button-group > button)[data-appearance~='disabled']:not(.button-group > button),
.c0[data-appearance~='secondary']:not(.button-group > button).c0[data-appearance~='secondary']:not(.button-group > button).c0[data-appearance~='secondary']:not(.button-group > button):disabled:not(.button-group > button) {
  border-color: var(--admiral-color-Neutral_Neutral30, #B2B5B8);
}

.c0[data-appearance~='secondary']:not(.button-group > button).c0[data-appearance~='secondary']:not(.button-group > button).c0[data-appearance~='secondary']:not(.button-group > button)[data-appearance~='disabled'].c0[data-appearance~='secondary']:not(.button-group > button).c0[data-appearance~='secondary']:not(.button-group > button).c0[data-appearance~='secondary']:not(.button-group > button)[data-appearance~='disabled'].c0[data-appearance~='secondary']:not(.button-group > button).c0[data-appearance~='secondary']:not(.button-group > button).c0[data-appearance~='secondary']:not(.button-group > button)[data-appearance~='disabled'] *[fill^='#'],
.c0[data-appearance~='secondary']:not(.button-group > button).c0[data-appearance~='secondary']:not(.button-group > button).c0[data-appearance~='secondary']:not(.button-group > button):disabled.c0[data-appearance~='secondary']:not(.button-group > button).c0[data-appearance~='secondary']:not(.button-group > button).c0[data-appearance~='secondary']:not(.button-group > button):disabled.c0[data-appearance~='secondary']:not(.button-group > button).c0[data-appearance~='secondary']:not(.button-group > button).c0[data-appearance~='secondary']:not(.button-group > button):disabled *[fill^='#'] {
  fill: var(--admiral-color-Neutral_Neutral30, #B2B5B8);
}

.c0[data-appearance~='tertiary']:not(.button-group > button) {
  background-color: var(--admiral-color-Opacity_Neutral8, #00000014);
  color: var(--admiral-color-Neutral_Neutral90, #252629);
  border: 1px solid transparent;
}

.c0[data-appearance~='tertiary']:not(.button-group > button).c0[data-appearance~='tertiary']:not(.button-group > button).c0[data-appearance~='tertiary']:not(.button-group > button) *[fill^='#'] {
  fill: var(--admiral-color-Neutral_Neutral50, #74767B);
}

.c0[data-appearance~='tertiary']:not(.button-group > button).c0[data-appearance~='tertiary']:not(.button-group > button).c0[data-appearance~='tertiary']:not(.button-group > button):hover {
  background-color: var(--admiral-color-Opacity_Neutral12, #0000001F);
  color: var(--admiral-color-Neutral_Neutral90, #252629);
  border-color: transparent;
}

.c0[data-appearance~='tertiary']:not(.button-group > button).c0[data-appearance~='tertiary']:not(.button-group > button).c0[data-appearance~='tertiary']:not(.button-group > button):hover.c0[data-appearance~='tertiary']:not(.button-group > button).c0[data-appearance~='tertiary']:not(.button-group > button).c0[data-appearance~='tertiary']:not(.button-group > button):hover.c0[data-appearance~='tertiary']:not(.button-group > button).c0[data-appearance~='tertiary']:not(.button-group > button).c0[data-appearance~='tertiary']:not(.button-group > button):hover *[fill^='#'] {
  fill: var(--admiral-color-Neutral_Neutral50, #74767B);
}

.c0[data-appearance~='tertiary']:not(.button-group > button).c0[data-appearance~='tertiary']:not(.button-group > button).c0[data-appearance~='tertiary']:not(.button-group > button):active {
  background-color: var(--admiral-color-Opacity_Neutral16, #00000029);
  color: var(--admiral-color-Neutral_Neutral90, #252629);
  border-color: transparent;
}

.c0[data-appearance~='tertiary']:not(.button-group > button).c0[data-appearance~='tertiary']:not(.button-group > button).c0[data-appearance~='tertiary']:not(.button-group > button):active.c0[data-appearance~='tertiary']:not(.button-group > button).c0[data-appearance~='tertiary']:not(.button-group > button).c0[data-appearance~='tertiary']:not(.button-group > button):active.c0[data-appearance~='tertiary']:not(.button-group > button).c0[data-appearance~='tertiary']:not(.button-group > button).c0[data-appearance~='tertiary']:not(.button-group > button):active *[fill^='#'] {
  fill: var(--admiral-color-Neutral_Neutral50, #74767B);
}

.c0[data-appearance~='tertiary']:not(.button-group > button).c0[data-appearance~='tertiary']:not(.button-group > button).c0[data-appearance~='tertiary']:not(.button-group > button)[data-appearance~='disabled'],
.c0[data-appearance~='tertiary']:not(.button-group > button).c0[data-appearance~='tertiary']:not(.button-group > button).c0[data-appearance~='tertiary']:not(.button-group > button):disabled {
  background-color: var(--admiral-color-Opacity_Neutral8, #00000014);
  color: var(--admiral-color-Neutral_Neutral30, #B2B5B8);
  border-color: transparent;
}

.c0[data-appearance~='tertiary']:not(.button-group > button).c0[data-appearance~='tertiary']:not(.button-group > button).c0[data-appearance~='tertiary']:not(.button-group > button)[data-appearance~='disabled'].c0[data-appearance~='tertiary']:not(.button-group > button).c0[data-appearance~='tertiary']:not(.button-group > button).c0[data-appearance~='tertiary']:not(.button-group > button)[data-appearance~='disabled'].c0[data-appearance~='tertiary']:not(.button-group > button).c0[data-appearance~='tertiary']:not(.button-group > button).c0[data-appearance~='tertiary']:not(.button-group > button)[data-appearance~='disabled'] *[fill^='#'],
.c0[data-appearance~='tertiary']:not(.button-group > button).c0[data-appearance~='tertiary']:not(.button-group > button).c0[data-appearance~='tertiary']:not(.button-group > button):disabled.c0[data-appearance~='tertiary']:not(.button-group > button).c0[data-appearance~='tertiary']:not(.button-group > button).c0[data-appearance~='tertiary']:not(.button-group > button):disabled.c0[data-appearance~='tertiary']:not(.button-group > button).c0[data-appearance~='tertiary']:not(.button-group > button).c0[data-appearance~='tertiary']:not(.button-group > button):disabled *[fill^='#'] {
  fill: var(--admiral-color-Neutral_Neutral30, #B2B5B8);
}

.c0[data-appearance~='ghost']:not(.button-group > button) {
  background-color: transparent;
  color: var(--admiral-color-Primary_Primary60Main, #0062FF);
  border: 1px solid transparent;
}

.c0[data-appearance~='ghost']:not(.button-group > button).c0[data-appearance~='ghost']:not(.button-group > button).c0[data-appearance~='ghost']:not(.button-group > button) *[fill^='#'] {
  fill: var(--admiral-color-Primary_Primary60Main, #0062FF);
}

.c0[data-appearance~='ghost']:not(.button-group > button).c0[data-appearance~='ghost']:not(.button-group > button).c0[data-appearance~='ghost']:not(.button-group > button):hover {
  background-color: var(--admiral-color-Opacity_Hover, #0000000D);
  color: var(--admiral-color-Primary_Primary60Main, #0062FF);
  border-color: transparent;
}

.c0[data-appearance~='ghost']:not(.button-group > button).c0[data-appearance~='ghost']:not(.button-group > button).c0[data-appearance~='ghost']:not(.button-group > button):hover *[fill^='#'] {
  fill: var(--admiral-color-Primary_Primary60Main, #0062FF);
}

.c0[data-appearance~='ghost']:not(.button-group > button).c0[data-appearance~='ghost']:not(.button-group > button).c0[data-appearance~='ghost']:not(.button-group > button):active {
  background-color: var(--admiral-color-Opacity_Press, #0000001F);
  color: var(--admiral-color-Primary_Primary60Main, #0062FF);
  border-color: transparent;
}

.c0[data-appearance~='ghost']:not(.button-group > button).c0[data-appearance~='ghost']:not(.button-group > button).c0[data-appearance~='ghost']:not(.button-group > button):active *[fill^='#'] {
  fill: var(--admiral-color-Primary_Primary60Main, #0062FF);
}

.c0[data-appearance~='ghost']:not(.button-group > button).c0[data-appearance~='ghost']:not(.button-group > button).c0[data-appearance~='ghost']:not(.button-group > button)[data-appearance~='disabled'],
.c0[data-appearance~='ghost']:not(.button-group > button).c0[data-appearance~='ghost']:not(.button-group > button).c0[data-appearance~='ghost']:not(.button-group > button):disabled {
  background-color: transparent;
  color: var(--admiral-color-Neutral_Neutral30, #B2B5B8);
  border-color: transparent;
}

.c0[data-appearance~='ghost']:not(.button-group > button).c0[data-appearance~='ghost']:not(.button-group > button).c0[data-appearance~='ghost']:not(.button-group > button)[data-appearance~='disabled'].c0[data-appearance~='ghost']:not(.button-group > button).c0[data-appearance~='ghost']:not(.button-group > button).c0[data-appearance~='ghost']:not(.button-group > button)[data-appearance~='disabled'].c0[data-appearance~='ghost']:not(.button-group > button).c0[data-appearance~='ghost']:not(.button-group > button).c0[data-appearance~='ghost']:not(.button-group > button)[data-appearance~='disabled'] *[fill^='#'],
.c0[data-appearance~='ghost']:not(.button-group > button).c0[data-appearance~='ghost']:not(.button-group > button).c0[data-appearance~='ghost']:not(.button-group > button):disabled.c0[data-appearance~='ghost']:not(.button-group > button).c0[data-appearance~='ghost']:not(.button-group > button).c0[data-appearance~='ghost']:not(.button-group > button):disabled.c0[data-appearance~='ghost']:not(.button-group > button).c0[data-appearance~='ghost']:not(.button-group > button).c0[data-appearance~='ghost']:not(.button-group > button):disabled *[fill^='#'] {
  fill: var(--admiral-color-Neutral_Neutral30, #B2B5B8);
}

.c0[data-appearance~='white']:not(.button-group > button) {
  background-color: transparent;
  color: var(--admiral-color-Special_StaticWhite, #FFFFFF);
  border: 1px solid var(--admiral-color-Special_StaticWhite, #FFFFFF);
}

.c0[data-appearance~='white']:not(.button-group > button).c0[data-appearance~='white']:not(.button-group > button).c0[data-appearance~='white']:not(.button-group > button) *[fill^='#'] {
  fill: var(--admiral-color-Special_StaticWhite, #FFFFFF);
}

.c0[data-appearance~='white']:not(.button-group > button).c0[data-appearance~='white']:not(.button-group > button).c0[data-appearance~='white']:not(.button-group > button):hover {
  background-color: var(       --admiral-color-Opacity_DarkStaticHover,       #FFFFFF0F     );
  color: var(--admiral-color-Special_StaticWhite, #FFFFFF);
  border-color: var(--admiral-color-Special_StaticWhite, #FFFFFF);
}

.c0[data-appearance~='white']:not(.button-group > button).c0[data-appearance~='white']:not(.button-group > button).c0[data-appearance~='white']:not(.button-group > button):hover.c0[data-appearance~='white']:not(.button-group > button).c0[data-appearance~='white']:not(.button-group > button).c0[data-appearance~='white']:not(.button-group > button):hover.c0[data-appearance~='white']:not(.button-group > button).c0[data-appearance~='white']:not(.button-group > button).c0[data-appearance~='white']:not(.button-group > button):hover *[fill^='#'] {
  fill: var(--admiral-color-Special_StaticWhite, #FFFFFF);
}

.c0[data-appearance~='white']:not(.button-group > button).c0[data-appearance~='white']:not(.button-group > button).c0[data-appearance~='white']:not(.button-group > button):active {
  background-color: var(       --admiral-color-Opacity_DarkStaticPress,       #FFFFFF1F     );
  color: var(--admiral-color-Special_StaticWhite, #FFFFFF);
  border-color: var(--admiral-color-Special_StaticWhite, #FFFFFF);
}

.c0[data-appearance~='white']:not(.button-group > button).c0[data-appearance~='white']:not(.button-group > button).c0[data-appearance~='white']:not(.button-group > button):active.c0[data-appearance~='white']:not(.button-group > button).c0[data-appearance~='white']:not(.button-group > button).c0[data-appearance~='white']:not(.button-group > button):active.c0[data-appearance~='white']:not(.button-group > button).c0[data-appearance~='white']:not(.button-group > button).c0[data-appearance~='white']:not(.button-group > button):active *[fill^='#'] {
  fill: var(--admiral-color-Special_StaticWhite, #FFFFFF);
}

.c0[data-appearance~='white']:not(.button-group > button).c0[data-appearance~='white']:not(.button-group > button).c0[data-appearance~='white']:not(.button-group > button)[data-appearance~='disabled'],
.c0[data-appearance~='white']:not(.button-group > button).c0[data-appearance~='white']:not(.button-group > button).c0[data-appearance~='white']:not(.button-group > button):disabled {
  border-color: var(       --admiral-color-Special_DarkStaticNeutral30,       #515357     );
  color: var(--admiral-color-Special_DarkStaticNeutral30, #515357);
}

.c0[data-appearance~='white']:not(.button-group > button).c0[data-appearance~='white']:not(.button-group > button).c0[data-appearance~='white']:not(.button-group > button)[data-appearance~='disabled'].c0[data-appearance~='white']:not(.button-group > button).c0[data-appearance~='white']:not(.button-group > button).c0[data-appearance~='white']:not(.button-group > button)[data-appearance~='disabled'].c0[data-appearance~='white']:not(.button-group > button).c0[data-appearance~='white']:not(.button-group > button).c0[data-appearance~='white']:not(.button-group > button)[data-appearance~='disabled'] *[fill^='#'],
.c0[data-appearance~='white']:not(.button-group > button).c0[data-appearance~='white']:not(.button-group > button).c0[data-appearance~='white']:not(.button-group > button):disabled.c0[data-appearance~='white']:not(.button-group > button).c0[data-appearance~='white']:not(.button-group > button).c0[data-appearance~='white']:not(.button-group > button):disabled.c0[data-appearance~='white']:not(.button-group > button).c0[data-appearance~='white']:not(.button-group > button).c0[data-appearance~='white']:not(.button-group > button):disabled *[fill^='#'] {
  fill: var(--admiral-color-Special_DarkStaticNeutral30, #515357);
}

.c0[data-appearance~='danger']:not(.button-group > button) {
  background-color: var(--admiral-color-Error_Error60Main, #D92020);
  color: var(--admiral-color-Special_StaticWhite, #FFFFFF);
  border: 1px solid var(--admiral-color-Error_Error60Main, #D92020);
}

.c0[data-appearance~='danger']:not(.button-group > button).c0[data-appearance~='danger']:not(.button-group > button).c0[data-appearance~='danger']:not(.button-group > button) *[fill^='#'] {
  fill: var(--admiral-color-Special_StaticWhite, #FFFFFF);
}

.c0[data-appearance~='danger']:not(.button-group > button).c0[data-appearance~='danger']:not(.button-group > button).c0[data-appearance~='danger']:not(.button-group > button):hover {
  background-color: var(--admiral-color-Error_Error70, #BA1717);
  border-color: var(--admiral-color-Error_Error70, #BA1717);
}

.c0[data-appearance~='danger']:not(.button-group > button).c0[data-appearance~='danger']:not(.button-group > button).c0[data-appearance~='danger']:not(.button-group > button):active {
  background-color: var(--admiral-color-Error_Error80, #981111);
  border-color: var(--admiral-color-Error_Error80, #981111);
}

.c0[data-appearance~='danger']:not(.button-group > button).c0[data-appearance~='danger']:not(.button-group > button).c0[data-appearance~='danger']:not(.button-group > button)[data-appearance~='disabled'],
.c0[data-appearance~='danger']:not(.button-group > button).c0[data-appearance~='danger']:not(.button-group > button).c0[data-appearance~='danger']:not(.button-group > button):disabled {
  background-color: var(--admiral-color-Neutral_Neutral10, #EAEBEC);
  color: var(--admiral-color-Neutral_Neutral30, #B2B5B8);
  border-color: var(--admiral-color-Neutral_Neutral10, #EAEBEC);
}

.c0[data-appearance~='danger']:not(.button-group > button).c0[data-appearance~='danger']:not(.button-group > button).c0[data-appearance~='danger']:not(.button-group > button)[data-appearance~='disabled'].c0[data-appearance~='danger']:not(.button-group > button).c0[data-appearance~='danger']:not(.button-group > button).c0[data-appearance~='danger']:not(.button-group > button)[data-appearance~='disabled'].c0[data-appearance~='danger']:not(.button-group > button).c0[data-appearance~='danger']:not(.button-group > button).c0[data-appearance~='danger']:not(.button-group > button)[data-appearance~='disabled'] *[fill^='#'],
.c0[data-appearance~='danger']:not(.button-group > button).c0[data-appearance~='danger']:not(.button-group > button).c0[data-appearance~='danger']:not(.button-group > button):disabled.c0[data-appearance~='danger']:not(.button-group > button).c0[data-appearance~='danger']:not(.button-group > button).c0[data-appearance~='danger']:not(.button-group > button):disabled.c0[data-appearance~='danger']:not(.button-group > button).c0[data-appearance~='danger']:not(.button-group > button).c0[data-appearance~='danger']:not(.button-group > button):disabled *[fill^='#'] {
  fill: var(--admiral-color-Neutral_Neutral30, #B2B5B8);
}

.c0[data-appearance~='success']:not(.button-group > button) {
  background-color: var(--admiral-color-Success_Success50Main, #1BA049);
  color: var(--admiral-color-Special_StaticWhite, #FFFFFF);
  border: 1px solid var(--admiral-color-Success_Success50Main, #1BA049);
}

.c0[data-appearance~='success']:not(.button-group > button).c0[data-appearance~='success']:not(.button-group > button).c0[data-appearance~='success']:not(.button-group > button) *[fill^='#'] {
  fill: var(--admiral-color-Special_StaticWhite, #FFFFFF);
}

.c0[data-appearance~='success']:not(.button-group > button).c0[data-appearance~='success']:not(.button-group > button).c0[data-appearance~='success']:not(.button-group > button):hover {
  background-color: var(--admiral-color-Success_Success60, #128238);
  border-color: var(--admiral-color-Success_Success60, #128238);
}

.c0[data-appearance~='success']:not(.button-group > button).c0[data-appearance~='success']:not(.button-group > button).c0[data-appearance~='success']:not(.button-group > button):active {
  background-color: var(--admiral-color-Success_Success70, #0B682A);
  border-color: var(--admiral-color-Success_Success70, #0B682A);
}

.c0[data-appearance~='success']:not(.button-group > button).c0[data-appearance~='success']:not(.button-group > button).c0[data-appearance~='success']:not(.button-group > button)[data-appearance~='disabled'],
.c0[data-appearance~='success']:not(.button-group > button).c0[data-appearance~='success']:not(.button-group > button).c0[data-appearance~='success']:not(.button-group > button):disabled {
  background-color: var(--admiral-color-Neutral_Neutral10, #EAEBEC);
  color: var(--admiral-color-Neutral_Neutral30, #B2B5B8);
  border-color: var(--admiral-color-Neutral_Neutral10, #EAEBEC);
}

.c0[data-appearance~='success']:not(.button-group > button).c0[data-appearance~='success']:not(.button-group > button).c0[data-appearance~='success']:not(.button-group > button)[data-appearance~='disabled'].c0[data-appearance~='success']:not(.button-group > button).c0[data-appearance~='success']:not(.button-group > button).c0[data-appearance~='success']:not(.button-group > button)[data-appearance~='disabled'].c0[data-appearance~='success']:not(.button-group > button).c0[data-appearance~='success']:not(.button-group > button).c0[data-appearance~='success']:not(.button-group > button)[data-appearance~='disabled'] *[fill^='#'],
.c0[data-appearance~='success']:not(.button-group > button).c0[data-appearance~='success']:not(.button-group > button).c0[data-appearance~='success']:not(.button-group > button):disabled.c0[data-appearance~='success']:not(.button-group > button).c0[data-appearance~='success']:not(.button-group > button).c0[data-appearance~='success']:not(.button-group > button):disabled.c0[data-appearance~='success']:not(.button-group > button).c0[data-appearance~='success']:not(.button-group > button).c0[data-appearance~='success']:not(.button-group > button):disabled *[fill^='#'] {
  fill: var(--admiral-color-Neutral_Neutral30, #B2B5B8);
}

.c0:is(.button-group[data-appearance='primary'] > button) {
  background-color: var(--admiral-color-Primary_Primary60Main, #0062FF);
  color: var(--admiral-color-Special_StaticWhite, #FFFFFF);
  border: 1px solid var(--admiral-color-Primary_Primary60Main, #0062FF);
}

.c0:is(.button-group[data-appearance='primary'] > button).c0:is(.button-group[data-appearance='primary'] > button).c0:is(.button-group[data-appearance='primary'] > button) *[fill^='#'] {
  fill: var(--admiral-color-Special_StaticWhite, #FFFFFF);
}

.c0:is(.button-group[data-appearance='primary'] > button).c0:is(.button-group[data-appearance='primary'] > button).c0:is(.button-group[data-appearance='primary'] > button):hover {
  background-color: var(--admiral-color-Primary_Primary70, #0046E2);
  border-color: var(--admiral-color-Primary_Primary70, #0046E2);
}

.c0:is(.button-group[data-appearance='primary'] > button).c0:is(.button-group[data-appearance='primary'] > button).c0:is(.button-group[data-appearance='primary'] > button):active {
  background-color: var(--admiral-color-Primary_Primary80, #0132B0);
  border-color: var(--admiral-color-Primary_Primary80, #0132B0);
}

.c0:is(.button-group[data-appearance='primary'] > button).c0:is(.button-group[data-appearance='primary'] > button).c0:is(.button-group[data-appearance='primary'] > button).c0:is(.button-group[data-appearance='primary'] > button)[data-appearance~='disabled'],
.c0:is(.button-group[data-appearance='primary'] > button).c0:is(.button-group[data-appearance='primary'] > button).c0:is(.button-group[data-appearance='primary'] > button):disabled {
  background-color: var(--admiral-color-Neutral_Neutral10, #EAEBEC);
  color: var(--admiral-color-Neutral_Neutral30, #B2B5B8);
  border-color: var(--admiral-color-Neutral_Neutral10, #EAEBEC);
}

.c0:is(.button-group[data-appearance='primary'] > button).c0:is(.button-group[data-appearance='primary'] > button).c0:is(.button-group[data-appearance='primary'] > button).c0:is(.button-group[data-appearance='primary'] > button)[data-appearance~='disabled'].c0:is(.button-group[data-appearance='primary'] > button).c0:is(.button-group[data-appearance='primary'] > button).c0:is(.button-group[data-appearance='primary'] > button).c0:is(.button-group[data-appearance='primary'] > button)[data-appearance~='disabled'].c0:is(.button-group[data-appearance='primary'] > button).c0:is(.button-group[data-appearance='primary'] > button).c0:is(.button-group[data-appearance='primary'] > button).c0:is(.button-group[data-appearance='primary'] > button)[data-appearance~='disabled'] *[fill^='#'],
.c0:is(.button-group[data-appearance='primary'] > button).c0:is(.button-group[data-appearance='primary'] > button).c0:is(.button-group[data-appearance='primary'] > button):disabled.c0:is(.button-group[data-appearance='primary'] > button).c0:is(.button-group[data-appearance='primary'] > button).c0:is(.button-group[data-appearance='primary'] > button):disabled.c0:is(.button-group[data-appearance='primary'] > button).c0:is(.button-group[data-appearance='primary'] > button).c0:is(.button-group[data-appearance='primary'] > button):disabled *[fill^='#'] {
  fill: var(--admiral-color-Neutral_Neutral30, #B2B5B8);
}

.c0:is(.button-group[data-appearance='secondary'] > button) {
  background-color: transparent;
  color: var(--admiral-color-Primary_Primary60Main, #0062FF);
  border: 1px solid var(--admiral-color-Primary_Primary60Main, #0062FF);
}

.c0:is(.button-group[data-appearance='secondary'] > button).c0:is(.button-group[data-appearance='secondary'] > button).c0:is(.button-group[data-appearance='secondary'] > button) *[fill^='#'] {
  fill: var(--admiral-color-Primary_Primary60Main, #0062FF);
}

.c0:is(.button-group[data-appearance='secondary'] > button).c0:is(.button-group[data-appearance='secondary'] > button).c0:is(.button-group[data-appearance='secondary'] > button):hover {
  background-color: var(--admiral-color-Opacity_Hover, #0000000D);
  color: var(--admiral-color-Primary_Primary60Main, #0062FF);
  border-color: var(--admiral-color-Primary_Primary60Main, #0062FF);
}

.c0:is(.button-group[data-appearance='secondary'] > button).c0:is(.button-group[data-appearance='secondary'] > button).c0:is(.button-group[data-appearance='secondary'] > button):hover.c0:is(.button-group[data-appearance='secondary'] > button).c0:is(.button-group[data-appearance='secondary'] > button).c0:is(.button-group[data-appearance='secondary'] > button):hover.c0:is(.button-group[data-appearance='secondary'] > button).c0:is(.button-group[data-appearance='secondary'] > button).c0:is(.button-group[data-appearance='secondary'] > button):hover *[fill^='#'] {
  fill: var(--admiral-color-Primary_Primary60Main, #0062FF);
}

.c0:is(.button-group[data-appearance='secondary'] > button).c0:is(.button-group[data-appearance='secondary'] > button).c0:is(.button-group[data-appearance='secondary'] > button):active {
  background-color: var(--admiral-color-Opacity_Press, #0000001F);
  color: var(--admiral-color-Primary_Primary60Main, #0062FF);
  border-color: var(--admiral-color-Primary_Primary60Main, #0062FF);
}

.c0:is(.button-group[data-appearance='secondary'] > button).c0:is(.button-group[data-appearance='secondary'] > button).c0:is(.button-group[data-appearance='secondary'] > button):active *[fill^='#'] {
  fill: var(--admiral-color-Primary_Primary60Main, #0062FF);
}

.c0:is(.button-group[data-appearance='secondary'] > button).c0:is(.button-group[data-appearance='secondary'] > button).c0:is(.button-group[data-appearance='secondary'] > button)[data-appearance~='disabled'],
.c0:is(.button-group[data-appearance='secondary'] > button).c0:is(.button-group[data-appearance='secondary'] > button).c0:is(.button-group[data-appearance='secondary'] > button):disabled {
  background-color: transparent;
  color: var(--admiral-color-Neutral_Neutral30, #B2B5B8);
}

.c0:is(.button-group[data-appearance='secondary'] > button).c0:is(.button-group[data-appearance='secondary'] > button).c0:is(.button-group[data-appearance='secondary'] > button)[data-appearance~='disabled']:not(.button-group > button),
.c0:is(.button-group[data-appearance='secondary'] > button).c0:is(.button-group[data-appearance='secondary'] > button).c0:is(.button-group[data-appearance='secondary'] > button):disabled:not(.button-group > button) {
  border-color: var(--admiral-color-Neutral_Neutral30, #B2B5B8);
}

.c0:is(.button-group[data-appearance='secondary'] > button).c0:is(.button-group[data-appearance='secondary'] > button).c0:is(.button-group[data-appearance='secondary'] > button)[data-appearance~='disabled'].c0:is(.button-group[data-appearance='secondary'] > button).c0:is(.button-group[data-appearance='secondary'] > button).c0:is(.button-group[data-appearance='secondary'] > button)[data-appearance~='disabled'].c0:is(.button-group[data-appearance='secondary'] > button).c0:is(.button-group[data-appearance='secondary'] > button).c0:is(.button-group[data-appearance='secondary'] > button)[data-appearance~='disabled'] *[fill^='#'],
.c0:is(.button-group[data-appearance='secondary'] > button).c0:is(.button-group[data-appearance='secondary'] > button).c0:is(.button-group[data-appearance='secondary'] > button):disabled.c0:is(.button-group[data-appearance='secondary'] > button).c0:is(.button-group[data-appearance='secondary'] > button).c0:is(.button-group[data-appearance='secondary'] > button):disabled.c0:is(.button-group[data-appearance='secondary'] > button).c0:is(.button-group[data-appearance='secondary'] > button).c0:is(.button-group[data-appearance='secondary'] > button):disabled *[fill^='#'] {
  fill: var(--admiral-color-Neutral_Neutral30, #B2B5B8);
}

.c0:is(.button-group[data-appearance='tertiary'] > button) {
  background-color: var(--admiral-color-Opacity_Neutral8, #00000014);
  color: var(--admiral-color-Neutral_Neutral90, #252629);
  border: 1px solid transparent;
}

.c0:is(.button-group[data-appearance='tertiary'] > button).c0:is(.button-group[data-appearance='tertiary'] > button).c0:is(.button-group[data-appearance='tertiary'] > button) *[fill^='#'] {
  fill: var(--admiral-color-Neutral_Neutral50, #74767B);
}

.c0:is(.button-group[data-appearance='tertiary'] > button).c0:is(.button-group[data-appearance='tertiary'] > button).c0:is(.button-group[data-appearance='tertiary'] > button):hover {
  background-color: var(--admiral-color-Opacity_Neutral12, #0000001F);
  color: var(--admiral-color-Neutral_Neutral90, #252629);
  border-color: transparent;
}

.c0:is(.button-group[data-appearance='tertiary'] > button).c0:is(.button-group[data-appearance='tertiary'] > button).c0:is(.button-group[data-appearance='tertiary'] > button):hover.c0:is(.button-group[data-appearance='tertiary'] > button).c0:is(.button-group[data-appearance='tertiary'] > button).c0:is(.button-group[data-appearance='tertiary'] > button):hover.c0:is(.button-group[data-appearance='tertiary'] > button).c0:is(.button-group[data-appearance='tertiary'] > button).c0:is(.button-group[data-appearance='tertiary'] > button):hover *[fill^='#'] {
  fill: var(--admiral-color-Neutral_Neutral50, #74767B);
}

.c0:is(.button-group[data-appearance='tertiary'] > button).c0:is(.button-group[data-appearance='tertiary'] > button).c0:is(.button-group[data-appearance='tertiary'] > button):active {
  background-color: var(--admiral-color-Opacity_Neutral16, #00000029);
  color: var(--admiral-color-Neutral_Neutral90, #252629);
  border-color: transparent;
}

.c0:is(.button-group[data-appearance='tertiary'] > button).c0:is(.button-group[data-appearance='tertiary'] > button).c0:is(.button-group[data-appearance='tertiary'] > button):active.c0:is(.button-group[data-appearance='tertiary'] > button).c0:is(.button-group[data-appearance='tertiary'] > button).c0:is(.button-group[data-appearance='tertiary'] > button):active.c0:is(.button-group[data-appearance='tertiary'] > button).c0:is(.button-group[data-appearance='tertiary'] > button).c0:is(.button-group[data-appearance='tertiary'] > button):active *[fill^='#'] {
  fill: var(--admiral-color-Neutral_Neutral50, #74767B);
}

.c0:is(.button-group[data-appearance='tertiary'] > button).c0:is(.button-group[data-appearance='tertiary'] > button).c0:is(.button-group[data-appearance='tertiary'] > button)[data-appearance~='disabled'],
.c0:is(.button-group[data-appearance='tertiary'] > button).c0:is(.button-group[data-appearance='tertiary'] > button).c0:is(.button-group[data-appearance='tertiary'] > button):disabled {
  background-color: var(--admiral-color-Opacity_Neutral8, #00000014);
  color: var(--admiral-color-Neutral_Neutral30, #B2B5B8);
  border-color: transparent;
}

.c0:is(.button-group[data-appearance='tertiary'] > button).c0:is(.button-group[data-appearance='tertiary'] > button).c0:is(.button-group[data-appearance='tertiary'] > button)[data-appearance~='disabled'].c0:is(.button-group[data-appearance='tertiary'] > button).c0:is(.button-group[data-appearance='tertiary'] > button).c0:is(.button-group[data-appearance='tertiary'] > button)[data-appearance~='disabled'].c0:is(.button-group[data-appearance='tertiary'] > button).c0:is(.button-group[data-appearance='tertiary'] > button).c0:is(.button-group[data-appearance='tertiary'] > button)[data-appearance~='disabled'] *[fill^='#'],
.c0:is(.button-group[data-appearance='tertiary'] > button).c0:is(.button-group[data-appearance='tertiary'] > button).c0:is(.button-group[data-appearance='tertiary'] > button):disabled.c0:is(.button-group[data-appearance='tertiary'] > button).c0:is(.button-group[data-appearance='tertiary'] > button).c0:is(.button-group[data-appearance='tertiary'] > button):disabled.c0:is(.button-group[data-appearance='tertiary'] > button).c0:is(.button-group[data-appearance='tertiary'] > button).c0:is(.button-group[data-appearance='tertiary'] > button):disabled *[fill^='#'] {
  fill: var(--admiral-color-Neutral_Neutral30, #B2B5B8);
}

.c0:focus-visible {
  outline-offset: 2px;
  outline: var(--admiral-color-Primary_Primary60Main, #0062FF) solid 2px;
}

.button-group[data-dimension='xl'] .c0.c0,
.c0[data-dimension='xl'] {
  padding: 0;
  height: 56px;
  padding: 0 29px;
  font-family: var(--admiral-font-family, 'VTB Group UI', sans-serif);
  font-style: normal;
  font-weight: var(--admiral-font-weight-Button_Button1, 500);
  font-size: var(--admiral-font-size-Button_Button1, 16px);
  line-height: var(--admiral-line-height-Button_Button1, 24px);
  font-feature-settings: 'tnum' on,'lnum' on;
  text-rendering: geometricPrecision;
}

.button-group[data-dimension='l'] .c0.c0,
.c0[data-dimension='l'] {
  height: 48px;
  padding: 0 21px;
}

.button-group[data-dimension='m'] .c0.c0,
.c0[data-dimension='m'] {
  height: 40px;
  padding: 0 17px;
}

.button-group[data-dimension='s'] .c0.c0,
.c0[data-dimension='s'] {
  height: 32px;
  padding: 0 13px;
  font-family: var(--admiral-font-family, 'VTB Group UI', sans-serif);
  font-style: normal;
  font-weight: var(--admiral-font-weight-Button_Button2, 500);
  font-size: var(--admiral-font-size-Button_Button2, 14px);
  line-height: var(--admiral-line-height-Button_Button2, 20px);
  font-feature-settings: 'tnum' on,'lnum' on;
  text-rendering: geometricPrecision;
}

<div>
  <button
    class="c0"
    data-appearance="primary"
    data-dimension="xl"
    type="button"
  >
    <div
      class="c1"
    />
    <div
      class="c2"
    >
      <div>
        Button
      </div>
    </div>
    <div
      class="c1"
    />
  </button>
</div>
`;
